-- The C compiler identification is GNU 13.3.0
-- The CXX compiler identification is GNU 13.3.0
-- Detecting C compiler ABI info
-- Detecting C compiler ABI info - done
-- Check for working C compiler: /usr/bin/cc - skipped
-- Detecting C compile features
-- Detecting C compile features - done
-- Detecting CXX compiler ABI info
-- Detecting CXX compiler ABI info - done
-- Check for working CXX compiler: /usr/bin/c++ - skipped
-- Detecting CXX compile features
-- Detecting CXX compile features - done
-- Using local JUCE at /home/user/vocoverb/.deps/JUCE
-- Found PkgConfig: /usr/bin/pkg-config (found version "1.8.1") 
-- Checking for module 'alsa'
--   Found alsa, version 1.2.11
-- Checking for modules 'freetype2;fontconfig'
--   Found freetype2, version 26.1.20
--   Found fontconfig, version 2.15.0
-- Checking for module 'gl'
--   Found gl, version 1.2
-- Checking for module 'libcurl'
--   Found libcurl, version 8.5.0
-- Checking for modules 'webkit2gtk-4.0;gtk+-x11-3.0'
--   Package 'webkit2gtk-4.0', required by 'virtual:world', not found
--   Package 'gtk+-x11-3.0', required by 'virtual:world', not found
-- Configuring juceaide
-- Building juceaide
-- Exporting juceaide
-- Testing juceaide
-- Finished setting up juceaide
-- Configuring done (38.4s)
-- Generating done (0.0s)
-- Build files have been written to: /home/user/vocoverb/build
